/*C128*/SET SCHEMA PUBLIC
DISCONNECT
/*C130*/SET SCHEMA PUBLIC
DISCONNECT
/*C129*/SET SCHEMA PUBLIC
DISCONNECT
/*C131*/SET SCHEMA PUBLIC
DISCONNECT
/*C132*/SET SCHEMA PUBLIC
DISCONNECT
/*C133*/SET SCHEMA PUBLIC
DISCONNECT
/*C136*/SET SCHEMA PUBLIC
INSERT INTO SPRINKLING VALUES(26,'123','431','o9764',10000,2,'2020-09-21 01:47:15.127000')
INSERT INTO SPRINKLING_USER VALUES(26,'o1234',0)
INSERT INTO SPRINKLING_USER VALUES(26,'j1234',0)
INSERT INTO SPRINKLING_USER VALUES(26,'h1234',0)
INSERT INTO SPRINKLING_DIVIDED_MONEY VALUES(63,26,8255)
INSERT INTO SPRINKLING_DIVIDED_MONEY VALUES(64,26,1745)
COMMIT
INSERT INTO SPRINKLING VALUES(27,'123','110','o9764',10000,2,'2020-09-21 01:47:39.443000')
INSERT INTO SPRINKLING_USER VALUES(27,'o1234',0)
INSERT INTO SPRINKLING_USER VALUES(27,'j1234',0)
INSERT INTO SPRINKLING_USER VALUES(27,'h1234',0)
INSERT INTO SPRINKLING_DIVIDED_MONEY VALUES(65,27,831)
INSERT INTO SPRINKLING_DIVIDED_MONEY VALUES(66,27,9169)
COMMIT
INSERT INTO SPRINKLING VALUES(28,'123','757','o9764',10000,2,'2020-09-21 01:47:40.845000')
INSERT INTO SPRINKLING_USER VALUES(28,'o1234',0)
INSERT INTO SPRINKLING_USER VALUES(28,'j1234',0)
INSERT INTO SPRINKLING_USER VALUES(28,'h1234',0)
INSERT INTO SPRINKLING_DIVIDED_MONEY VALUES(67,28,7326)
INSERT INTO SPRINKLING_DIVIDED_MONEY VALUES(68,28,2674)
COMMIT
INSERT INTO SPRINKLING VALUES(29,'123','423','o9764',10000,2,'2020-09-21 01:47:41.753000')
INSERT INTO SPRINKLING_USER VALUES(29,'o1234',0)
INSERT INTO SPRINKLING_USER VALUES(29,'j1234',0)
INSERT INTO SPRINKLING_USER VALUES(29,'h1234',0)
INSERT INTO SPRINKLING_DIVIDED_MONEY VALUES(69,29,7792)
INSERT INTO SPRINKLING_DIVIDED_MONEY VALUES(70,29,2208)
COMMIT
INSERT INTO SPRINKLING VALUES(30,'123','224','o9764',10000,2,'2020-09-21 01:47:42.734000')
INSERT INTO SPRINKLING_USER VALUES(30,'o1234',0)
INSERT INTO SPRINKLING_USER VALUES(30,'j1234',0)
INSERT INTO SPRINKLING_USER VALUES(30,'h1234',0)
INSERT INTO SPRINKLING_DIVIDED_MONEY VALUES(71,30,97)
INSERT INTO SPRINKLING_DIVIDED_MONEY VALUES(72,30,9903)
COMMIT
INSERT INTO SPRINKLING VALUES(31,'123','337','o9764',10000,2,'2020-09-21 01:47:59.457000')
INSERT INTO SPRINKLING_USER VALUES(31,'o1234',0)
INSERT INTO SPRINKLING_USER VALUES(31,'j1234',0)
INSERT INTO SPRINKLING_USER VALUES(31,'h1234',0)
INSERT INTO SPRINKLING_DIVIDED_MONEY VALUES(73,31,9999)
INSERT INTO SPRINKLING_DIVIDED_MONEY VALUES(74,31,1)
COMMIT
INSERT INTO SPRINKLING VALUES(32,'123','654','o9764',10000,2,'2020-09-21 01:49:39.053000')
INSERT INTO SPRINKLING_USER VALUES(32,'o1234',0)
INSERT INTO SPRINKLING_USER VALUES(32,'j1234',0)
INSERT INTO SPRINKLING_USER VALUES(32,'h1234',0)
INSERT INTO SPRINKLING_DIVIDED_MONEY VALUES(75,32,7707)
INSERT INTO SPRINKLING_DIVIDED_MONEY VALUES(76,32,2293)
COMMIT
INSERT INTO SPRINKLING VALUES(33,'123','677','o9764',10000,2,'2020-09-21 01:49:41.130000')
INSERT INTO SPRINKLING_USER VALUES(33,'o1234',0)
INSERT INTO SPRINKLING_USER VALUES(33,'j1234',0)
INSERT INTO SPRINKLING_USER VALUES(33,'h1234',0)
INSERT INTO SPRINKLING_DIVIDED_MONEY VALUES(77,33,4713)
INSERT INTO SPRINKLING_DIVIDED_MONEY VALUES(78,33,5287)
COMMIT
INSERT INTO SPRINKLING VALUES(34,'123','442','o9764',10000,2,'2020-09-21 01:49:41.818000')
INSERT INTO SPRINKLING_USER VALUES(34,'o1234',0)
INSERT INTO SPRINKLING_USER VALUES(34,'j1234',0)
INSERT INTO SPRINKLING_USER VALUES(34,'h1234',0)
INSERT INTO SPRINKLING_DIVIDED_MONEY VALUES(79,34,2649)
INSERT INTO SPRINKLING_DIVIDED_MONEY VALUES(80,34,7351)
COMMIT
INSERT INTO SPRINKLING VALUES(35,'123','339','o9764',10000,2,'2020-09-21 01:49:42.524000')
INSERT INTO SPRINKLING_USER VALUES(35,'o1234',0)
INSERT INTO SPRINKLING_USER VALUES(35,'j1234',0)
INSERT INTO SPRINKLING_USER VALUES(35,'h1234',0)
INSERT INTO SPRINKLING_DIVIDED_MONEY VALUES(81,35,6488)
INSERT INTO SPRINKLING_DIVIDED_MONEY VALUES(82,35,3512)
COMMIT
INSERT INTO SPRINKLING VALUES(36,'123','411','o9764',10000,2,'2020-09-21 01:49:43.186000')
INSERT INTO SPRINKLING_USER VALUES(36,'o1234',0)
INSERT INTO SPRINKLING_USER VALUES(36,'j1234',0)
INSERT INTO SPRINKLING_USER VALUES(36,'h1234',0)
INSERT INTO SPRINKLING_DIVIDED_MONEY VALUES(83,36,2280)
INSERT INTO SPRINKLING_DIVIDED_MONEY VALUES(84,36,7720)
COMMIT
/*C135*/SET SCHEMA PUBLIC
DISCONNECT
/*C136*/DISCONNECT
/*C134*/SET SCHEMA PUBLIC
DISCONNECT
/*C142*/SET SCHEMA PUBLIC
INSERT INTO SPRINKLING VALUES(37,'123','822','o9764',10000,2,'2020-09-21 02:03:38.313000')
INSERT INTO SPRINKLING_USER VALUES(37,'o1234',0)
INSERT INTO SPRINKLING_USER VALUES(37,'j1234',0)
INSERT INTO SPRINKLING_USER VALUES(37,'h1234',0)
INSERT INTO SPRINKLING_DIVIDED_MONEY VALUES(85,37,8685)
INSERT INTO SPRINKLING_DIVIDED_MONEY VALUES(86,37,1315)
COMMIT
INSERT INTO SPRINKLING VALUES(38,'123','591','o9764',10000,2,'2020-09-21 02:03:49.432000')
INSERT INTO SPRINKLING_USER VALUES(38,'o1234',0)
INSERT INTO SPRINKLING_USER VALUES(38,'j1234',0)
INSERT INTO SPRINKLING_USER VALUES(38,'h1234',0)
INSERT INTO SPRINKLING_DIVIDED_MONEY VALUES(87,38,5906)
INSERT INTO SPRINKLING_DIVIDED_MONEY VALUES(88,38,4094)
COMMIT
INSERT INTO SPRINKLING VALUES(39,'123','516','o9764',10000,2,'2020-09-21 02:03:51.348000')
INSERT INTO SPRINKLING_USER VALUES(39,'o1234',0)
INSERT INTO SPRINKLING_USER VALUES(39,'j1234',0)
INSERT INTO SPRINKLING_USER VALUES(39,'h1234',0)
INSERT INTO SPRINKLING_DIVIDED_MONEY VALUES(89,39,4079)
INSERT INTO SPRINKLING_DIVIDED_MONEY VALUES(90,39,5921)
COMMIT
INSERT INTO SPRINKLING VALUES(40,'123','754','o9764',10000,2,'2020-09-21 02:03:52.327000')
INSERT INTO SPRINKLING_USER VALUES(40,'o1234',0)
INSERT INTO SPRINKLING_USER VALUES(40,'j1234',0)
INSERT INTO SPRINKLING_USER VALUES(40,'h1234',0)
INSERT INTO SPRINKLING_DIVIDED_MONEY VALUES(91,40,9793)
INSERT INTO SPRINKLING_DIVIDED_MONEY VALUES(92,40,207)
COMMIT
INSERT INTO SPRINKLING VALUES(41,'123','439','o9764',10000,2,'2020-09-21 02:05:41.542000')
INSERT INTO SPRINKLING_USER VALUES(41,'o1234',0)
INSERT INTO SPRINKLING_USER VALUES(41,'j1234',0)
INSERT INTO SPRINKLING_USER VALUES(41,'h1234',0)
INSERT INTO SPRINKLING_DIVIDED_MONEY VALUES(93,41,8298)
INSERT INTO SPRINKLING_DIVIDED_MONEY VALUES(94,41,1702)
COMMIT
/*C140*/SET SCHEMA PUBLIC
DISCONNECT
/*C142*/DISCONNECT
/*C141*/SET SCHEMA PUBLIC
DISCONNECT
/*C143*/SET SCHEMA PUBLIC
DISCONNECT
/*C144*/SET SCHEMA PUBLIC
DISCONNECT
/*C145*/SET SCHEMA PUBLIC
DISCONNECT
/*C146*/SET SCHEMA PUBLIC
INSERT INTO SPRINKLING VALUES(42,'123','816','o9764',10000,2,'2020-09-21 12:39:42.107000')
INSERT INTO SPRINKLING_USER VALUES(42,'o1234',0)
INSERT INTO SPRINKLING_USER VALUES(42,'j1234',0)
INSERT INTO SPRINKLING_USER VALUES(42,'h1234',0)
INSERT INTO SPRINKLING_DIVIDED_MONEY VALUES(95,42,2430)
INSERT INTO SPRINKLING_DIVIDED_MONEY VALUES(96,42,7570)
COMMIT
/*C148*/SET SCHEMA PUBLIC
DISCONNECT
/*C146*/DISCONNECT
/*C147*/SET SCHEMA PUBLIC
DISCONNECT
/*C150*/SET SCHEMA PUBLIC
DISCONNECT
/*C151*/SET SCHEMA PUBLIC
DISCONNECT
/*C149*/SET SCHEMA PUBLIC
DISCONNECT
/*C154*/SET SCHEMA PUBLIC
INSERT INTO SPRINKLING VALUES(43,'123','110','o9764',10000,2,'2020-09-21 12:54:29.039000')
INSERT INTO SPRINKLING_USER VALUES(43,'o1234',0)
INSERT INTO SPRINKLING_USER VALUES(43,'j1234',0)
INSERT INTO SPRINKLING_USER VALUES(43,'h1234',0)
INSERT INTO SPRINKLING_DIVIDED_MONEY VALUES(97,43,4174)
INSERT INTO SPRINKLING_DIVIDED_MONEY VALUES(98,43,5826)
COMMIT
/*C153*/SET SCHEMA PUBLIC
DISCONNECT
/*C154*/DISCONNECT
/*C152*/SET SCHEMA PUBLIC
DISCONNECT
/*C157*/SET SCHEMA PUBLIC
INSERT INTO SPRINKLING VALUES(44,'123','570','o9764',10000,2,'2020-09-21 14:13:36.294000')
INSERT INTO SPRINKLING_USER VALUES(44,'o1234',0)
INSERT INTO SPRINKLING_USER VALUES(44,'j1234',0)
INSERT INTO SPRINKLING_USER VALUES(44,'h1234',0)
INSERT INTO SPRINKLING_DIVIDED_MONEY VALUES(99,44,2952)
INSERT INTO SPRINKLING_DIVIDED_MONEY VALUES(100,44,7048)
COMMIT
INSERT INTO SPRINKLING VALUES(45,'123','765','o9764',10000,2,'2020-09-21 14:14:08.431000')
INSERT INTO SPRINKLING_USER VALUES(45,'o1234',0)
INSERT INTO SPRINKLING_USER VALUES(45,'j1234',0)
INSERT INTO SPRINKLING_USER VALUES(45,'h1234',0)
INSERT INTO SPRINKLING_DIVIDED_MONEY VALUES(101,45,2517)
INSERT INTO SPRINKLING_DIVIDED_MONEY VALUES(102,45,7483)
COMMIT
INSERT INTO SPRINKLING VALUES(46,'123','714','o9764',10000,2,'2020-09-21 14:14:09.434000')
INSERT INTO SPRINKLING_USER VALUES(46,'o1234',0)
INSERT INTO SPRINKLING_USER VALUES(46,'j1234',0)
INSERT INTO SPRINKLING_USER VALUES(46,'h1234',0)
INSERT INTO SPRINKLING_DIVIDED_MONEY VALUES(103,46,1505)
INSERT INTO SPRINKLING_DIVIDED_MONEY VALUES(104,46,8495)
COMMIT
INSERT INTO SPRINKLING VALUES(47,'123','263','o9764',10000,2,'2020-09-21 14:14:10.010000')
INSERT INTO SPRINKLING_USER VALUES(47,'o1234',0)
INSERT INTO SPRINKLING_USER VALUES(47,'j1234',0)
INSERT INTO SPRINKLING_USER VALUES(47,'h1234',0)
INSERT INTO SPRINKLING_DIVIDED_MONEY VALUES(105,47,3475)
INSERT INTO SPRINKLING_DIVIDED_MONEY VALUES(106,47,6525)
COMMIT
/*C155*/SET SCHEMA PUBLIC
DISCONNECT
/*C156*/SET SCHEMA PUBLIC
DISCONNECT
/*C157*/DISCONNECT
/*C139*/SET SCHEMA PUBLIC
\u000aDROP TABLE sprinkling_divided_money
DROP TABLE sprinkling_user
DROP TABLE sprinkling\u000a
\u000aCREATE TABLE IF NOT EXISTS sprinkling (\u000a\u0009id integer PRIMARY KEY,\u000a\u0009room_id varchar(20),\u000a\u0009token varchar(3),\u000a\u0009requester varchar(20),\u000a\u0009total_amount integer,\u000a\u0009target_count integer,\u000a\u0009created_time timestamp DEFAULT CURRENT_TIMESTAMP\u000a)
CREATE TABLE IF NOT EXISTS sprinkling_user (\u000a\u0009sprinkling_id integer,\u000a\u0009user_id varchar(20),\u000a\u0009amount integer,\u000a\u0009CONSTRAINT sprinkling_user_pk PRIMARY KEY (sprinkling_id, user_id),\u000a\u0009CONSTRAINT sprinkling_user_fk foreign KEY (sprinkling_id) references sprinkling (id)\u000a)
CREATE TABLE IF NOT EXISTS sprinkling_divided_money (\u000a\u0009id integer GENERATED BY DEFAULT AS IDENTITY(START WITH 1, INCREMENT BY 1) PRIMARY KEY,\u000a\u0009sprinkling_id integer,\u000a\u0009amount integer,\u000a\u0009CONSTRAINT sprinkling_divided_money foreign KEY (sprinkling_id) references sprinkling (id)\u000a)\u000a\u000a
/*C158*/SET SCHEMA PUBLIC
DISCONNECT
/*C160*/SET SCHEMA PUBLIC
DISCONNECT
/*C159*/SET SCHEMA PUBLIC
DISCONNECT
/*C163*/SET SCHEMA PUBLIC
DISCONNECT
/*C162*/SET SCHEMA PUBLIC
DISCONNECT
/*C161*/SET SCHEMA PUBLIC
DISCONNECT
/*C164*/SET SCHEMA PUBLIC
INSERT INTO SPRINKLING VALUES(1,'123','718','o9764',10000,2,'2020-09-21 14:18:42.382000')
INSERT INTO SPRINKLING_USER VALUES(1,'o1234',0)
INSERT INTO SPRINKLING_USER VALUES(1,'j1234',0)
INSERT INTO SPRINKLING_USER VALUES(1,'h1234',0)
INSERT INTO SPRINKLING_DIVIDED_MONEY VALUES(1,1,6927)
INSERT INTO SPRINKLING_DIVIDED_MONEY VALUES(2,1,3073)
COMMIT
INSERT INTO SPRINKLING VALUES(2,'123','932','o9764',10000,2,'2020-09-21 14:18:44.765000')
INSERT INTO SPRINKLING_USER VALUES(2,'o1234',0)
INSERT INTO SPRINKLING_USER VALUES(2,'j1234',0)
INSERT INTO SPRINKLING_USER VALUES(2,'h1234',0)
INSERT INTO SPRINKLING_DIVIDED_MONEY VALUES(3,2,9266)
INSERT INTO SPRINKLING_DIVIDED_MONEY VALUES(4,2,734)
COMMIT
INSERT INTO SPRINKLING VALUES(3,'123','734','o9764',10000,2,'2020-09-21 14:18:46.064000')
INSERT INTO SPRINKLING_USER VALUES(3,'o1234',0)
INSERT INTO SPRINKLING_USER VALUES(3,'j1234',0)
INSERT INTO SPRINKLING_USER VALUES(3,'h1234',0)
INSERT INTO SPRINKLING_DIVIDED_MONEY VALUES(5,3,8799)
INSERT INTO SPRINKLING_DIVIDED_MONEY VALUES(6,3,1201)
COMMIT
INSERT INTO SPRINKLING VALUES(4,'123','537','o9764',10000,2,'2020-09-21 14:18:47.393000')
INSERT INTO SPRINKLING_USER VALUES(4,'o1234',0)
INSERT INTO SPRINKLING_USER VALUES(4,'j1234',0)
INSERT INTO SPRINKLING_USER VALUES(4,'h1234',0)
INSERT INTO SPRINKLING_DIVIDED_MONEY VALUES(7,4,3185)
INSERT INTO SPRINKLING_DIVIDED_MONEY VALUES(8,4,6815)
COMMIT
INSERT INTO SPRINKLING VALUES(5,'123','289','o9764',10000,2,'2020-09-21 14:18:51.771000')
INSERT INTO SPRINKLING_USER VALUES(5,'o1234',0)
INSERT INTO SPRINKLING_USER VALUES(5,'j1234',0)
INSERT INTO SPRINKLING_USER VALUES(5,'h1234',0)
INSERT INTO SPRINKLING_DIVIDED_MONEY VALUES(9,5,7229)
INSERT INTO SPRINKLING_DIVIDED_MONEY VALUES(10,5,2771)
COMMIT
INSERT INTO SPRINKLING VALUES(6,'123','195','o9764',10000,2,'2020-09-21 14:18:53.173000')
INSERT INTO SPRINKLING_USER VALUES(6,'o1234',0)
INSERT INTO SPRINKLING_USER VALUES(6,'j1234',0)
INSERT INTO SPRINKLING_USER VALUES(6,'h1234',0)
INSERT INTO SPRINKLING_DIVIDED_MONEY VALUES(11,6,5120)
INSERT INTO SPRINKLING_DIVIDED_MONEY VALUES(12,6,4880)
COMMIT
INSERT INTO SPRINKLING VALUES(7,'123','808','o9764',10000,2,'2020-09-21 14:18:54.316000')
INSERT INTO SPRINKLING_USER VALUES(7,'o1234',0)
INSERT INTO SPRINKLING_USER VALUES(7,'j1234',0)
INSERT INTO SPRINKLING_USER VALUES(7,'h1234',0)
INSERT INTO SPRINKLING_DIVIDED_MONEY VALUES(13,7,4148)
INSERT INTO SPRINKLING_DIVIDED_MONEY VALUES(14,7,5852)
COMMIT
INSERT INTO SPRINKLING VALUES(8,'123','531','o9764',10000,2,'2020-09-21 14:18:55.226000')
INSERT INTO SPRINKLING_USER VALUES(8,'o1234',0)
INSERT INTO SPRINKLING_USER VALUES(8,'j1234',0)
INSERT INTO SPRINKLING_USER VALUES(8,'h1234',0)
INSERT INTO SPRINKLING_DIVIDED_MONEY VALUES(15,8,835)
INSERT INTO SPRINKLING_DIVIDED_MONEY VALUES(16,8,9165)
COMMIT
INSERT INTO SPRINKLING VALUES(9,'123','271','o9764',10000,2,'2020-09-21 14:18:56.105000')
INSERT INTO SPRINKLING_USER VALUES(9,'o1234',0)
INSERT INTO SPRINKLING_USER VALUES(9,'j1234',0)
INSERT INTO SPRINKLING_USER VALUES(9,'h1234',0)
INSERT INTO SPRINKLING_DIVIDED_MONEY VALUES(17,9,97)
INSERT INTO SPRINKLING_DIVIDED_MONEY VALUES(18,9,9903)
COMMIT
INSERT INTO SPRINKLING VALUES(10,'123','042','o9764',10000,2,'2020-09-21 14:18:56.803000')
INSERT INTO SPRINKLING_USER VALUES(10,'o1234',0)
INSERT INTO SPRINKLING_USER VALUES(10,'j1234',0)
INSERT INTO SPRINKLING_USER VALUES(10,'h1234',0)
INSERT INTO SPRINKLING_DIVIDED_MONEY VALUES(19,10,7067)
INSERT INTO SPRINKLING_DIVIDED_MONEY VALUES(20,10,2933)
COMMIT
INSERT INTO SPRINKLING VALUES(11,'123','777','o9764',10000,2,'2020-09-21 14:18:57.534000')
INSERT INTO SPRINKLING_USER VALUES(11,'o1234',0)
INSERT INTO SPRINKLING_USER VALUES(11,'j1234',0)
INSERT INTO SPRINKLING_USER VALUES(11,'h1234',0)
INSERT INTO SPRINKLING_DIVIDED_MONEY VALUES(21,11,8887)
INSERT INTO SPRINKLING_DIVIDED_MONEY VALUES(22,11,1113)
COMMIT
INSERT INTO SPRINKLING VALUES(12,'123','194','o9764',10000,2,'2020-09-21 14:18:58.398000')
INSERT INTO SPRINKLING_USER VALUES(12,'o1234',0)
INSERT INTO SPRINKLING_USER VALUES(12,'j1234',0)
INSERT INTO SPRINKLING_USER VALUES(12,'h1234',0)
INSERT INTO SPRINKLING_DIVIDED_MONEY VALUES(23,12,9504)
INSERT INTO SPRINKLING_DIVIDED_MONEY VALUES(24,12,496)
COMMIT
INSERT INTO SPRINKLING VALUES(13,'123','649','o9764',10000,2,'2020-09-21 14:18:59.497000')
INSERT INTO SPRINKLING_USER VALUES(13,'o1234',0)
INSERT INTO SPRINKLING_USER VALUES(13,'j1234',0)
INSERT INTO SPRINKLING_USER VALUES(13,'h1234',0)
INSERT INTO SPRINKLING_DIVIDED_MONEY VALUES(25,13,3822)
INSERT INTO SPRINKLING_DIVIDED_MONEY VALUES(26,13,6178)
COMMIT
/*C166*/SET SCHEMA PUBLIC
DISCONNECT
/*C164*/DISCONNECT
/*C165*/SET SCHEMA PUBLIC
DISCONNECT
/*C167*/SET SCHEMA PUBLIC
DISCONNECT
/*C168*/SET SCHEMA PUBLIC
DISCONNECT
/*C169*/SET SCHEMA PUBLIC
DISCONNECT
/*C170*/SET SCHEMA PUBLIC
DISCONNECT
/*C171*/SET SCHEMA PUBLIC
DISCONNECT
/*C172*/SET SCHEMA PUBLIC
DISCONNECT
/*C175*/SET SCHEMA PUBLIC
DISCONNECT
/*C173*/SET SCHEMA PUBLIC
DISCONNECT
/*C174*/SET SCHEMA PUBLIC
DISCONNECT
/*C176*/SET SCHEMA PUBLIC
DISCONNECT
/*C178*/SET SCHEMA PUBLIC
DISCONNECT
/*C177*/SET SCHEMA PUBLIC
DISCONNECT
/*C180*/SET SCHEMA PUBLIC
DISCONNECT
/*C179*/SET SCHEMA PUBLIC
DISCONNECT
/*C181*/SET SCHEMA PUBLIC
DISCONNECT
/*C184*/SET SCHEMA PUBLIC
DISCONNECT
/*C183*/SET SCHEMA PUBLIC
DISCONNECT
/*C182*/SET SCHEMA PUBLIC
DISCONNECT
/*C187*/SET SCHEMA PUBLIC
INSERT INTO SPRINKLING VALUES(14,'123','539','o9764',10000,2,'2020-09-21 15:07:54.456000')
INSERT INTO SPRINKLING_USER VALUES(14,'o1234',0)
INSERT INTO SPRINKLING_USER VALUES(14,'j1234',0)
INSERT INTO SPRINKLING_USER VALUES(14,'h1234',0)
INSERT INTO SPRINKLING_DIVIDED_MONEY VALUES(27,14,4613)
INSERT INTO SPRINKLING_DIVIDED_MONEY VALUES(28,14,5387)
COMMIT
/*C185*/SET SCHEMA PUBLIC
DISCONNECT
/*C187*/DISCONNECT
/*C186*/SET SCHEMA PUBLIC
DISCONNECT
/*C188*/SET SCHEMA PUBLIC
INSERT INTO SPRINKLING VALUES(15,'123','108','o9764',10000,2,'2020-09-21 15:21:15.877000')
INSERT INTO SPRINKLING_USER VALUES(15,'o1234',0)
INSERT INTO SPRINKLING_USER VALUES(15,'j1234',0)
INSERT INTO SPRINKLING_USER VALUES(15,'h1234',0)
INSERT INTO SPRINKLING_DIVIDED_MONEY VALUES(29,15,7922)
INSERT INTO SPRINKLING_DIVIDED_MONEY VALUES(30,15,2078)
COMMIT
/*C189*/SET SCHEMA PUBLIC
DISCONNECT
/*C188*/DISCONNECT
/*C190*/SET SCHEMA PUBLIC
DISCONNECT
/*C139*/\u000aDROP TABLE sprinkling_divided_money
DROP TABLE sprinkling_user
DROP TABLE sprinkling
CREATE TABLE IF NOT EXISTS sprinkling (\u000a\u0009id integer PRIMARY KEY,\u000a\u0009room_id varchar(20),\u000a\u0009token varchar(3),\u000a\u0009requester varchar(20),\u000a\u0009total_amount integer,\u000a\u0009target_count integer,\u000a\u0009created_time timestamp DEFAULT CURRENT_TIMESTAMP\u000a)
CREATE TABLE IF NOT EXISTS sprinkling_user (\u000a\u0009sprinkling_id integer,\u000a\u0009user_id varchar(20),\u000a\u0009amount integer,\u000a\u0009CONSTRAINT sprinkling_user_pk PRIMARY KEY (sprinkling_id, user_id),\u000a\u0009CONSTRAINT sprinkling_user_fk foreign KEY (sprinkling_id) references sprinkling (id)\u000a)
CREATE TABLE IF NOT EXISTS sprinkling_divided_money (\u000a\u0009id integer GENERATED BY DEFAULT AS IDENTITY(START WITH 1, INCREMENT BY 1) PRIMARY KEY,\u000a\u0009sprinkling_id integer,\u000a\u0009amount integer,\u000a\u0009CONSTRAINT sprinkling_divided_money foreign KEY (sprinkling_id) references sprinkling (id)\u000a)\u000a
/*C192*/SET SCHEMA PUBLIC
INSERT INTO SPRINKLING VALUES(1,'123','863','o9764',10000,2,'2020-09-21 15:43:03.232000')
INSERT INTO SPRINKLING_USER VALUES(1,'o1234',0)
INSERT INTO SPRINKLING_USER VALUES(1,'j1234',0)
INSERT INTO SPRINKLING_USER VALUES(1,'h1234',0)
INSERT INTO SPRINKLING_DIVIDED_MONEY VALUES(1,1,5538)
INSERT INTO SPRINKLING_DIVIDED_MONEY VALUES(2,1,4462)
COMMIT
/*C193*/SET SCHEMA PUBLIC
DISCONNECT
/*C192*/DISCONNECT
/*C191*/SET SCHEMA PUBLIC
DISCONNECT
/*C195*/SET SCHEMA PUBLIC
DISCONNECT
/*C194*/SET SCHEMA PUBLIC
DISCONNECT
/*C196*/SET SCHEMA PUBLIC
DISCONNECT
/*C197*/SET SCHEMA PUBLIC
INSERT INTO SPRINKLING VALUES(2,'123','512','o9764',10000,2,'2020-09-21 17:32:29.083000')
INSERT INTO SPRINKLING_USER VALUES(2,'o1234',0)
INSERT INTO SPRINKLING_USER VALUES(2,'j1234',0)
INSERT INTO SPRINKLING_USER VALUES(2,'h1234',0)
INSERT INTO SPRINKLING_DIVIDED_MONEY VALUES(3,2,6111)
INSERT INTO SPRINKLING_DIVIDED_MONEY VALUES(4,2,3889)
COMMIT
/*C199*/SET SCHEMA PUBLIC
DISCONNECT
/*C198*/SET SCHEMA PUBLIC
DISCONNECT
/*C197*/DISCONNECT
/*C200*/SET SCHEMA PUBLIC
DISCONNECT
/*C202*/SET SCHEMA PUBLIC
DISCONNECT
/*C201*/SET SCHEMA PUBLIC
DISCONNECT
/*C205*/SET SCHEMA PUBLIC
DISCONNECT
/*C203*/SET SCHEMA PUBLIC
DISCONNECT
/*C204*/SET SCHEMA PUBLIC
DISCONNECT
/*C207*/SET SCHEMA PUBLIC
DISCONNECT
/*C206*/SET SCHEMA PUBLIC
DISCONNECT
/*C208*/SET SCHEMA PUBLIC
DISCONNECT
/*C211*/SET SCHEMA PUBLIC
DISCONNECT
/*C209*/SET SCHEMA PUBLIC
DISCONNECT
/*C210*/SET SCHEMA PUBLIC
DISCONNECT
/*C214*/SET SCHEMA PUBLIC
DISCONNECT
/*C213*/SET SCHEMA PUBLIC
DISCONNECT
/*C212*/SET SCHEMA PUBLIC
DISCONNECT
/*C217*/SET SCHEMA PUBLIC
DISCONNECT
/*C216*/SET SCHEMA PUBLIC
DISCONNECT
/*C215*/SET SCHEMA PUBLIC
DISCONNECT
/*C218*/SET SCHEMA PUBLIC
DISCONNECT
/*C219*/SET SCHEMA PUBLIC
DISCONNECT
/*C220*/SET SCHEMA PUBLIC
DISCONNECT
/*C222*/SET SCHEMA PUBLIC
DISCONNECT
/*C223*/SET SCHEMA PUBLIC
DISCONNECT
/*C221*/SET SCHEMA PUBLIC
DISCONNECT
/*C224*/SET SCHEMA PUBLIC
DISCONNECT
/*C225*/SET SCHEMA PUBLIC
DISCONNECT
/*C226*/SET SCHEMA PUBLIC
DISCONNECT
/*C229*/SET SCHEMA PUBLIC
DISCONNECT
/*C227*/SET SCHEMA PUBLIC
DISCONNECT
/*C228*/SET SCHEMA PUBLIC
DISCONNECT
/*C231*/SET SCHEMA PUBLIC
INSERT INTO SPRINKLING VALUES(3,'123','636','o9764',10000,7,'2020-09-21 18:19:16.589000')
INSERT INTO SPRINKLING_USER VALUES(3,'o1234',0)
INSERT INTO SPRINKLING_USER VALUES(3,'j1234',0)
INSERT INTO SPRINKLING_USER VALUES(3,'h1234',0)
INSERT INTO SPRINKLING_USER VALUES(3,'a1234',0)
INSERT INTO SPRINKLING_USER VALUES(3,'b1234',0)
INSERT INTO SPRINKLING_USER VALUES(3,'c1234',0)
INSERT INTO SPRINKLING_USER VALUES(3,'d1234',0)
INSERT INTO SPRINKLING_DIVIDED_MONEY VALUES(5,3,4352)
INSERT INTO SPRINKLING_DIVIDED_MONEY VALUES(6,3,4901)
INSERT INTO SPRINKLING_DIVIDED_MONEY VALUES(7,3,220)
INSERT INTO SPRINKLING_DIVIDED_MONEY VALUES(8,3,391)
INSERT INTO SPRINKLING_DIVIDED_MONEY VALUES(9,3,1)
INSERT INTO SPRINKLING_DIVIDED_MONEY VALUES(10,3,93)
INSERT INTO SPRINKLING_DIVIDED_MONEY VALUES(11,3,42)
COMMIT
/*C232*/SET SCHEMA PUBLIC
DISCONNECT
/*C230*/SET SCHEMA PUBLIC
DISCONNECT
/*C231*/DISCONNECT
/*C233*/SET SCHEMA PUBLIC
DISCONNECT
/*C234*/SET SCHEMA PUBLIC
DISCONNECT
/*C235*/SET SCHEMA PUBLIC
DISCONNECT
/*C236*/SET SCHEMA PUBLIC
DISCONNECT
/*C238*/SET SCHEMA PUBLIC
DISCONNECT
/*C237*/SET SCHEMA PUBLIC
DISCONNECT
/*C241*/SET SCHEMA PUBLIC
DISCONNECT
/*C239*/SET SCHEMA PUBLIC
DISCONNECT
/*C240*/SET SCHEMA PUBLIC
DISCONNECT
/*C242*/SET SCHEMA PUBLIC
DISCONNECT
/*C244*/SET SCHEMA PUBLIC
DISCONNECT
/*C243*/SET SCHEMA PUBLIC
DISCONNECT
/*C247*/SET SCHEMA PUBLIC
DISCONNECT
/*C245*/SET SCHEMA PUBLIC
DISCONNECT
/*C246*/SET SCHEMA PUBLIC
DISCONNECT
/*C248*/SET SCHEMA PUBLIC
DISCONNECT
/*C249*/SET SCHEMA PUBLIC
DISCONNECT
/*C250*/SET SCHEMA PUBLIC
DISCONNECT
/*C253*/SET SCHEMA PUBLIC
DISCONNECT
/*C252*/SET SCHEMA PUBLIC
DISCONNECT
/*C251*/SET SCHEMA PUBLIC
DISCONNECT
/*C256*/SET SCHEMA PUBLIC
DISCONNECT
/*C254*/SET SCHEMA PUBLIC
DISCONNECT
/*C255*/SET SCHEMA PUBLIC
DISCONNECT
/*C258*/SET SCHEMA PUBLIC
DISCONNECT
/*C259*/SET SCHEMA PUBLIC
DISCONNECT
/*C257*/SET SCHEMA PUBLIC
DISCONNECT
/*C261*/SET SCHEMA PUBLIC
DISCONNECT
/*C260*/SET SCHEMA PUBLIC
DISCONNECT
/*C262*/SET SCHEMA PUBLIC
DISCONNECT
/*C264*/SET SCHEMA PUBLIC
INSERT INTO SPRINKLING VALUES(4,'123','327','o9764',10000,7,'2020-09-21 19:42:10.749000')
INSERT INTO SPRINKLING_USER VALUES(4,'o1234',0)
INSERT INTO SPRINKLING_USER VALUES(4,'j1234',0)
INSERT INTO SPRINKLING_USER VALUES(4,'h1234',0)
INSERT INTO SPRINKLING_USER VALUES(4,'a1234',0)
INSERT INTO SPRINKLING_USER VALUES(4,'b1234',0)
INSERT INTO SPRINKLING_USER VALUES(4,'c1234',0)
INSERT INTO SPRINKLING_USER VALUES(4,'d1234',0)
INSERT INTO SPRINKLING_DIVIDED_MONEY VALUES(12,4,8270)
INSERT INTO SPRINKLING_DIVIDED_MONEY VALUES(13,4,1271)
INSERT INTO SPRINKLING_DIVIDED_MONEY VALUES(14,4,134)
INSERT INTO SPRINKLING_DIVIDED_MONEY VALUES(15,4,4)
INSERT INTO SPRINKLING_DIVIDED_MONEY VALUES(16,4,264)
INSERT INTO SPRINKLING_DIVIDED_MONEY VALUES(17,4,2)
INSERT INTO SPRINKLING_DIVIDED_MONEY VALUES(18,4,55)
COMMIT
DISCONNECT
/*C263*/SET SCHEMA PUBLIC
DISCONNECT
/*C265*/SET SCHEMA PUBLIC
DISCONNECT
/*C266*/SET SCHEMA PUBLIC
DISCONNECT
/*C267*/SET SCHEMA PUBLIC
DISCONNECT
/*C268*/SET SCHEMA PUBLIC
DISCONNECT
/*C271*/SET SCHEMA PUBLIC
DISCONNECT
/*C270*/SET SCHEMA PUBLIC
DISCONNECT
/*C269*/SET SCHEMA PUBLIC
DISCONNECT
/*C273*/SET SCHEMA PUBLIC
DISCONNECT
/*C272*/SET SCHEMA PUBLIC
DISCONNECT
/*C274*/SET SCHEMA PUBLIC
DISCONNECT
/*C276*/SET SCHEMA PUBLIC
DISCONNECT
/*C275*/SET SCHEMA PUBLIC
DISCONNECT
/*C277*/SET SCHEMA PUBLIC
DISCONNECT
/*C278*/SET SCHEMA PUBLIC
INSERT INTO SPRINKLING VALUES(5,'123','120','o9764',10000,7,'2020-09-21 19:52:41.087000')
INSERT INTO SPRINKLING_USER VALUES(5,'o1234',0)
INSERT INTO SPRINKLING_USER VALUES(5,'j1234',0)
INSERT INTO SPRINKLING_USER VALUES(5,'h1234',0)
INSERT INTO SPRINKLING_USER VALUES(5,'a1234',0)
INSERT INTO SPRINKLING_USER VALUES(5,'b1234',0)
INSERT INTO SPRINKLING_USER VALUES(5,'c1234',0)
INSERT INTO SPRINKLING_USER VALUES(5,'d1234',0)
INSERT INTO SPRINKLING_DIVIDED_MONEY VALUES(19,5,3446)
INSERT INTO SPRINKLING_DIVIDED_MONEY VALUES(20,5,4989)
INSERT INTO SPRINKLING_DIVIDED_MONEY VALUES(21,5,264)
INSERT INTO SPRINKLING_DIVIDED_MONEY VALUES(22,5,1120)
INSERT INTO SPRINKLING_DIVIDED_MONEY VALUES(23,5,150)
INSERT INTO SPRINKLING_DIVIDED_MONEY VALUES(24,5,15)
INSERT INTO SPRINKLING_DIVIDED_MONEY VALUES(25,5,16)
COMMIT
/*C280*/SET SCHEMA PUBLIC
DISCONNECT
/*C279*/SET SCHEMA PUBLIC
DISCONNECT
/*C278*/DISCONNECT
/*C283*/SET SCHEMA PUBLIC
DELETE FROM SPRINKLING_USER WHERE SPRINKLING_ID=5 AND USER_ID='j1234'
INSERT INTO SPRINKLING_USER VALUES(5,'j1234',264)
DELETE FROM SPRINKLING_DIVIDED_MONEY WHERE ID=21
COMMIT
DELETE FROM SPRINKLING_USER WHERE SPRINKLING_ID=5 AND USER_ID='a1234'
INSERT INTO SPRINKLING_USER VALUES(5,'a1234',1120)
DELETE FROM SPRINKLING_DIVIDED_MONEY WHERE ID=22
COMMIT
DELETE FROM SPRINKLING_USER WHERE SPRINKLING_ID=5 AND USER_ID='b1234'
INSERT INTO SPRINKLING_USER VALUES(5,'b1234',16)
DELETE FROM SPRINKLING_DIVIDED_MONEY WHERE ID=25
COMMIT
/*C282*/SET SCHEMA PUBLIC
DELETE FROM SPRINKLING_USER WHERE SPRINKLING_ID=5 AND USER_ID='c1234'
INSERT INTO SPRINKLING_USER VALUES(5,'c1234',4989)
DELETE FROM SPRINKLING_DIVIDED_MONEY WHERE ID=20
COMMIT
/*C283*/DELETE FROM SPRINKLING_USER WHERE SPRINKLING_ID=5 AND USER_ID='d1234'
INSERT INTO SPRINKLING_USER VALUES(5,'d1234',150)
DELETE FROM SPRINKLING_DIVIDED_MONEY WHERE ID=23
COMMIT
DELETE FROM SPRINKLING_USER WHERE SPRINKLING_ID=5 AND USER_ID='o1234'
INSERT INTO SPRINKLING_USER VALUES(5,'o1234',15)
DELETE FROM SPRINKLING_DIVIDED_MONEY WHERE ID=24
COMMIT
/*C282*/DELETE FROM SPRINKLING_USER WHERE SPRINKLING_ID=5 AND USER_ID='h1234'
INSERT INTO SPRINKLING_USER VALUES(5,'h1234',3446)
DELETE FROM SPRINKLING_DIVIDED_MONEY WHERE ID=19
COMMIT
/*C281*/SET SCHEMA PUBLIC
DISCONNECT
/*C283*/DISCONNECT
/*C282*/DISCONNECT
